[oaksterdamuniversity.com/anniversary/index.html]
[backblue.gif]
[fade.gif]
[index.html]
[oaksterdamuniversity.com/wp-content/plugins/dp-portfolio-posts-pro-1/css/style8a54.css]
[oaksterdamuniversity.com/wp-content/plugins/monarch/css/stylec412.css]
[oaksterdamuniversity.com/wp-content/plugins/popup-maker/assets/css/site.min7514.css]
[oaksterdamuniversity.com/wp-content/plugins/simple-download-monitor/css/sdm_wp_styles37cb.css]
[maxcdn.bootstrapcdn.com/font-awesome/4.5.0/css/font-awesome.min37cb.css]
[oaksterdamuniversity.com/wp-content/themes/Divi/style37cb.css]
[oaksterdamuniversity.com/wp-content/themes/Divi-Child/vender/jPopup/css/jPopup37cb.css]
[oaksterdamuniversity.com/wp-content/themes/Divi-Child/course/css/style37cb.css]
[oaksterdamuniversity.com/wp-content/themes/Divi-Child/style039c.css]
[oaksterdamuniversity.com/wp-content/plugins/event-espresso-core-reg/modules/ticket_selector/assets/ticket_selector7e97.css]
[oaksterdamuniversity.com/wp-includes/css/dashicons.min37cb.css]
[oaksterdamuniversity.com/wp-content/plugins/event-espresso-core-reg/core/templates/global_assets/css/espresso_default7e97.css]
[oaksterdamuniversity.com/wp-content/plugins/event-espresso-core-reg/core/templates/global_assets/css/checkbox_dropdown_selector7e97.css]
[oaksterdamuniversity.com/wp-content/plugins/tablepress/css/default.min4b1d.css]
[oaksterdamuniversity.com/wp-content/plugins/divi_extended_column_layouts/style37cb.css]
[oaksterdamuniversity.com/wp-includes/js/jquery/jqueryb8ff.js]
[oaksterdamuniversity.com/wp-includes/js/jquery/jquery-migrate.min330a.js]
[oaksterdamuniversity.com/wp-content/plugins/simple-download-monitor/js/sdm_wp_scripts37cb.js]
[www.google-analytics.com/analytics.js]
[oaksterdamuniversity.com/wp-content/cache/et/global/et-divi-customizer-global-15313541887399.min.css]
[oaksterdamuniversity.com/wp-content/uploads/2017/08/anniversary-header.jpg]
[oaksterdamuniversity.com/wp-content/uploads/2017/09/Anniversary-logo-drop-shadow-e1506109405681.png]
[oaksterdamuniversity.com/wp-content/uploads/2017/03/10-year-anniversary-logo.png]
[oaksterdamuniversity.com/wp-content/uploads/2015/12/Certification-icon.png]
[oaksterdamuniversity.com/wp-content/uploads/2017/08/cannabis-trophy.png]
[oaksterdamuniversity.com/wp-content/uploads/2017/10/fork-knife.png]
[oaksterdamuniversity.com/wp-content/uploads/2017/10/wine-icon.png]
[oaksterdamuniversity.com/wp-content/uploads/2017/10/music-note-2.png]
[oaksterdamuniversity.com/wp-content/uploads/2017/08/scottish-rite-center-background-tint.png]
[oaksterdamuniversity.com/wp-content/uploads/2017/10/Acres-Green-Dark-Grey-1.png]
[oaksterdamuniversity.com/wp-content/uploads/2017/11/Bolton-Company-Logo-Full-Color.jpg]
[oaksterdamuniversity.com/wp-content/uploads/2017/10/calrk-neubert-llp-1.png]
[oaksterdamuniversity.com/wp-content/uploads/2017/11/NUG_logo_b.png]
[oaksterdamuniversity.com/wp-content/uploads/2017/11/Big-Rock-logo-for-website.png]
[oaksterdamuniversity.com/wp-content/uploads/2017/10/DNI_logo72.png]
[oaksterdamuniversity.com/wp-content/uploads/2017/11/Kickass-Pharms-Logo1.jpg]
[oaksterdamuniversity.com/wp-content/uploads/2017/11/sexy-logo-pink.jpg]
[oaksterdamuniversity.com/wp-content/uploads/2017/11/giftshop-logo.png]
[oaksterdamuniversity.com/wp-content/uploads/2017/10/oaksterdam-tv-logo.png]
[oaksterdamuniversity.com/wp-content/uploads/2017/11/CA-minority-alliance-logo-small.png]
[oaksterdamuniversity.com/wp-content/uploads/2017/11/SCC-Logo.jpg]
[oaksterdamuniversity.com/wp-content/uploads/2017/11/harrens-logo-small.png]
[oaksterdamuniversity.com/wp-content/uploads/2017/11/PRO-MED-LOGO.png]
[oaksterdamuniversity.com/wp-content/uploads/2017/11/01Back-2.jpg]
[oaksterdamuniversity.com/wp-content/uploads/2017/11/LogoRevise.png]
[oaksterdamuniversity.com/wp-content/uploads/2017/10/Meadow.png]
[oaksterdamuniversity.com/wp-content/uploads/2017/11/Vegamatrix-logo-5000x24777-transparent1.png]
[oaksterdamuniversity.com/wp-content/uploads/2017/11/KUSHMAN.COM-HORZ-LOGO.png]
[oaksterdamuniversity.com/wp-content/uploads/2017/11/weedtv.png]
[oaksterdamuniversity.com/wp-content/uploads/2017/11/mcd-lawyer.png]
[oaksterdamuniversity.com/wp-content/uploads/2017/11/magnolia-logo-1.png]
[oaksterdamuniversity.com/wp-content/uploads/2017/11/blum-NEW-logo.png.jpg]
[oaksterdamuniversity.com/wp-content/uploads/2017/11/BRLogo.jpg]
[oaksterdamuniversity.com/wp-content/uploads/2017/11/BayCureLogoNoBackgroung-1.png]
[oaksterdamuniversity.com/wp-content/uploads/2017/11/Robert-Raich-logo.png]
[oaksterdamuniversity.com/wp-content/uploads/2017/11/sagely_logo-1.png]
[oaksterdamuniversity.com/wp-content/uploads/2017/11/Semore_Skunk_New_WhiteTee_Art.jpg]
[oaksterdamuniversity.com/wp-content/uploads/2017/11/Kiva_Confections_Logo_Large.png]
[oaksterdamuniversity.com/wp-content/uploads/2017/11/HollywoodSmokin-1.jpg]
[oaksterdamuniversity.com/wp-content/uploads/2017/11/dopemagazine.png]
[oaksterdamuniversity.com/wp-content/uploads/2017/11/vcc-logo.png]
[oaksterdamuniversity.com/wp-content/uploads/2017/11/kofy-tv-logo.jpg]
[oaksterdamuniversity.com/wp-content/uploads/2017/11/cbllogo_coloronlight.png]
[oaksterdamuniversity.com/wp-content/uploads/2017/11/drbronners-logo-horiz.png]
[oaksterdamuniversity.com/wp-content/uploads/2017/11/medtainer-logo-small.png]
[oaksterdamuniversity.com/wp-content/uploads/2017/10/Xternal-Logo.jpg]
[oaksterdamuniversity.com/wp-content/uploads/2017/11/420LAWS-App-image.jpg]
[oaksterdamuniversity.com/wp-content/uploads/2017/11/dark-heart-logo.png]
[oaksterdamuniversity.com/wp-content/uploads/2017/11/CGALogo.png]
[oaksterdamuniversity.com/wp-content/uploads/2017/11/pro-civicus.png]
[oaksterdamuniversity.com/wp-content/uploads/2017/11/CFNMediaGroup_logo.png]
[oaksterdamuniversity.com/wp-content/uploads/2017/11/GRC-Logo.png]
[oaksterdamuniversity.com/wp-content/uploads/2017/10/AniraLogo-1.png]
[oaksterdamuniversity.com/wp-content/uploads/2017/10/VegasCannabisMagazine.png]
[oaksterdamuniversity.com/wp-content/uploads/2017/10/freedomleaf-logo.png]
[oaksterdamuniversity.com/wp-content/uploads/2017/11/BigWhiteOBL.jpg]
[oaksterdamuniversity.com/wp-content/uploads/2017/11/that-taffy-logo.png]
[oaksterdamuniversity.com/wp-content/uploads/2017/11/arcview-logo-horizontal-fullcolor.png]
[oaksterdamuniversity.com/wp-content/uploads/2017/10/Rootzfest-logo-black-text.png]
[oaksterdamuniversity.com/wp-content/uploads/2017/11/Janes-Brew-logo.png]
[oaksterdamuniversity.com/wp-content/uploads/2017/11/Moms-branding-.png]
[oaksterdamuniversity.com/wp-content/uploads/2017/11/pidc.jpg]
[oaksterdamuniversity.com/wp-content/uploads/2017/11/IMG_0062.jpg]
[oaksterdamuniversity.com/wp-content/uploads/2017/11/final_logo_hi-res.png]
[oaksterdamuniversity.com/wp-content/uploads/2017/11/finca.png]
[oaksterdamuniversity.com/wp-content/uploads/2017/11/medishare-logo.png]
[oaksterdamuniversity.com/wp-content/uploads/2017/10/jimmys-deli-logo.png]
[oaksterdamuniversity.com/wp-content/uploads/2017/09/lake-merritt.png]
[oaksterdamuniversity.com/wp-content/uploads/2015/12/graduation-green.jpg]
[oaksterdamuniversity.com/wp-content/uploads/2017/03/129_12383497_1590550501267815_81026467_n.jpg]
[oaksterdamuniversity.com/wp-content/uploads/2017/09/slide_img_3.jpg]
[oaksterdamuniversity.com/wp-content/uploads/2017/09/sponsor-background-bw2.png]
[oaksterdamuniversity.com/wp-content/uploads/2017/09/Green-metallic-leaf.png]
[oaksterdamuniversity.com/wp-content/uploads/2017/09/gold-leaf.png]
[oaksterdamuniversity.com/wp-content/uploads/2017/09/silver-leaf.png]
[oaksterdamuniversity.com/wp-content/uploads/2017/09/bronze-leaf.png]
[oaksterdamuniversity.com/wp-content/uploads/2015/12/Oaksterdam-University-logo-500x500-transparent.png]
[oaksterdamuniversity.com/wp-content/plugins/logos-showcase/styles37cb.css]
[oaksterdamuniversity.com/wp-content/plugins/monarch/js/idle-timer.minc412.js]
[oaksterdamuniversity.com/wp-content/plugins/monarch/js/customc412.js]
[oaksterdamuniversity.com/wp-content/themes/Divi-Child/vender/jPopup/js/jPopup.min37cb.js]
[oaksterdamuniversity.com/wp-content/themes/Divi/js/custom.min039c.js]
[oaksterdamuniversity.com/wp-content/plugins/event-espresso-core-reg/core/templates/global_assets/scripts/espresso_core7e97.js]
[oaksterdamuniversity.com/wp-content/plugins/event-espresso-core-reg/modules/ticket_selector/assets/ticket_selector7e97.js]
[oaksterdamuniversity.com/wp-content/plugins/event-espresso-core-reg/core/templates/global_assets/scripts/checkbox_dropdown_selector7e97.js]
[oaksterdamuniversity.com/wp-includes/js/jquery/ui/core.mine899.js]
[oaksterdamuniversity.com/wp-includes/js/jquery/ui/position.mine899.js]
[oaksterdamuniversity.com/wp-content/plugins/popup-maker/assets/js/site.min2d21.js]
[oaksterdamuniversity.com/wp-content/themes/Divi/core/admin/js/common039c.js]
[oaksterdamuniversity.com/anniversary/index.html]
[oaksterdamuniversity.com/wp-content/plugins/dp-portfolio-posts-pro-1/css/style8a54.css]
[oaksterdamuniversity.com/wp-includes/js/wp-embed.min37cb.js]
[oaksterdamuniversity.com/wp-content/plugins/monarch/css/fonts/monarch.eot]
[oaksterdamuniversity.com/wp-content/plugins/monarch/css/fonts/monarchd41d.eot]
[oaksterdamuniversity.com/wp-content/plugins/monarch/css/fonts/monarch.ttf]
[oaksterdamuniversity.com/wp-content/plugins/monarch/css/fonts/monarch.woff]
[oaksterdamuniversity.com/wp-content/plugins/monarch/css/stylec412.css]
[oaksterdamuniversity.com/wp-content/plugins/popup-maker/assets/css/site.min7514.css]
[oaksterdamuniversity.com/wp-content/plugins/simple-download-monitor/css/sdm_wp_styles37cb.css]
[maxcdn.bootstrapcdn.com/font-awesome/4.5.0/css/font-awesome.min37cb.css]
[oaksterdamuniversity.com/wp-content/themes/Divi/core/admin/fonts/modules.eot]
[oaksterdamuniversity.com/wp-content/themes/Divi/core/admin/fonts/modulesd41d.eot]
[oaksterdamuniversity.com/wp-content/themes/Divi/core/admin/fonts/modules.ttf]
[oaksterdamuniversity.com/wp-content/themes/Divi/core/admin/fonts/modules.woff]
[oaksterdamuniversity.com/wp-content/themes/Divi/includes/builder/styles/images/subscribe-loader.gif]
[oaksterdamuniversity.com/wp-content/themes/Divi/includes/builder/styles/images/preloader.gif]
[oaksterdamuniversity.com/wp-content/themes/Divi/epanel/shortcodes/images/shortcodes-sprite.png]
[oaksterdamuniversity.com/wp-content/themes/Divi/style37cb.css]
[oaksterdamuniversity.com/wp-content/themes/Divi-Child/vender/jPopup/css/jPopup37cb.css]
[oaksterdamuniversity.com/wp-content/themes/Divi-Child/course/css/style37cb.css]
[oaksterdamuniversity.com/wp-content/themes/Divi-Child/style039c.css]
[oaksterdamuniversity.com/wp-content/plugins/event-espresso-core-reg/modules/ticket_selector/assets/ticket_selector7e97.css]
[oaksterdamuniversity.com/wp-includes/css/dashicons.min37cb.css]
[oaksterdamuniversity.com/wp-content/plugins/event-espresso-core-reg/core/templates/global_assets/css/espresso_default7e97.css]
[oaksterdamuniversity.com/wp-content/plugins/event-espresso-core-reg/core/templates/global_assets/css/checkbox_dropdown_selector7e97.css]
[oaksterdamuniversity.com/wp-content/plugins/tablepress/css/tablepress.eot]
[oaksterdamuniversity.com/wp-content/plugins/tablepress/css/tablepressd41d.eot]
[oaksterdamuniversity.com/wp-content/plugins/tablepress/css/default.min4b1d.css]
[oaksterdamuniversity.com/wp-content/plugins/divi_extended_column_layouts/style37cb.css]
[oaksterdamuniversity.com/wp-content/cache/et/global/et-divi-customizer-global-15313541887399.min.css]
[oaksterdamuniversity.com/wp-content/plugins/logos-showcase/styles37cb.css]
[oaksterdamuniversity.com/wp-content/plugins/monarch/css/fonts/monarch.svg]
[oaksterdamuniversity.com/wp-content/themes/Divi/core/admin/fonts/modules.svg]
